
=== JPM: global-macro auction-market technical layer ===
  calculating 10-day composite profiles
  calculating 20-day composite profiles
  calculating 40-day composite profiles
  calculating 80-day composite profiles
{
  "instrument": "JPM",
  "status": "REJECT",
  "pattern": {
    "model": "breakout_retest",
    "timeframe_minutes": 240,
    "lookback_days": 40,
    "regime_mode": "balanced_value",
    "shift_lag_days": 5,
    "shift_threshold_atr": 0.25,
    "entry_tolerance_atr": 0.0,
    "retest_expiry_bars": 6
  },
  "execution": {
    "stop_buffer_atr": 0.1,
    "reward_risk": 1.5,
    "minimum_reward_risk": 0.0,
    "maximum_hold_hours": 168,
    "management": 1
  },
  "confirmation": {
    "trades": 1,
    "wins": 1,
    "losses": 0,
    "win_rate_pct": 100.0,
    "profit_factor": 999.0,
    "net_r": 1.4991897172807844,
    "mean_r": 1.4991897172807844,
    "return_pct": 1.49918971728078,
    "max_drawdown_pct": 1.0109081961520665,
    "final_balance": 10149.918971728079
  },
  "full": {
    "trades": 19,
    "wins": 11,
    "losses": 8,
    "win_rate_pct": 57.89473684210526,
    "profit_factor": 3.2207059777586378,
    "net_r": 11.280335622292075,
    "mean_r": 0.5937018748574776,
    "return_pct": 11.777603617398036,
    "max_drawdown_pct": 1.9984666913543854,
    "final_balance": 11177.760361739804
  },
  "cagr": 2.445397707658814
}
