Signals ETH 18:00 NY away=2.5 lookback=15 rv=0.0
Signals ETH 18:00 NY away=2.5 lookback=15 rv=1.25
Signals ETH 18:00 NY away=2.5 lookback=15 rv=1.5
Signals ETH 18:00 NY away=2.5 lookback=30 rv=0.0
Signals ETH 18:00 NY away=2.5 lookback=30 rv=1.25
Signals ETH 18:00 NY away=2.5 lookback=30 rv=1.5
Signals ETH 18:00 NY away=2.5 lookback=60 rv=0.0
Signals ETH 18:00 NY away=2.5 lookback=60 rv=1.25
Signals ETH 18:00 NY away=2.5 lookback=60 rv=1.5
Signals ETH 18:00 NY away=5.0 lookback=15 rv=0.0
Signals ETH 18:00 NY away=5.0 lookback=15 rv=1.25
Signals ETH 18:00 NY away=5.0 lookback=15 rv=1.5
Signals ETH 18:00 NY away=5.0 lookback=30 rv=0.0
Signals ETH 18:00 NY away=5.0 lookback=30 rv=1.25
Signals ETH 18:00 NY away=5.0 lookback=30 rv=1.5
Signals ETH 18:00 NY away=5.0 lookback=60 rv=0.0
Signals ETH 18:00 NY away=5.0 lookback=60 rv=1.25
Signals ETH 18:00 NY away=5.0 lookback=60 rv=1.5
Signals ETH 18:00 NY away=7.5 lookback=15 rv=0.0
Signals ETH 18:00 NY away=7.5 lookback=15 rv=1.25
Signals ETH 18:00 NY away=7.5 lookback=15 rv=1.5
Signals ETH 18:00 NY away=7.5 lookback=30 rv=0.0
Signals ETH 18:00 NY away=7.5 lookback=30 rv=1.25
Signals ETH 18:00 NY away=7.5 lookback=30 rv=1.5
Signals ETH 18:00 NY away=7.5 lookback=60 rv=0.0
Signals ETH 18:00 NY away=7.5 lookback=60 rv=1.25
Signals ETH 18:00 NY away=7.5 lookback=60 rv=1.5
Signals ETH 18:00 NY away=10.0 lookback=15 rv=0.0
Signals ETH 18:00 NY away=10.0 lookback=15 rv=1.25
Signals ETH 18:00 NY away=10.0 lookback=15 rv=1.5
Signals ETH 18:00 NY away=10.0 lookback=30 rv=0.0
Signals ETH 18:00 NY away=10.0 lookback=30 rv=1.25
Signals ETH 18:00 NY away=10.0 lookback=30 rv=1.5
Signals ETH 18:00 NY away=10.0 lookback=60 rv=0.0
Signals ETH 18:00 NY away=10.0 lookback=60 rv=1.25
Signals ETH 18:00 NY away=10.0 lookback=60 rv=1.5
Signals London 08:00 away=2.5 lookback=15 rv=0.0
Signals London 08:00 away=2.5 lookback=15 rv=1.25
Signals London 08:00 away=2.5 lookback=15 rv=1.5
Signals London 08:00 away=2.5 lookback=30 rv=0.0
Signals London 08:00 away=2.5 lookback=30 rv=1.25
Signals London 08:00 away=2.5 lookback=30 rv=1.5
Signals London 08:00 away=2.5 lookback=60 rv=0.0
Signals London 08:00 away=2.5 lookback=60 rv=1.25
Signals London 08:00 away=2.5 lookback=60 rv=1.5
Signals London 08:00 away=5.0 lookback=15 rv=0.0
Signals London 08:00 away=5.0 lookback=15 rv=1.25
Signals London 08:00 away=5.0 lookback=15 rv=1.5
Signals London 08:00 away=5.0 lookback=30 rv=0.0
Signals London 08:00 away=5.0 lookback=30 rv=1.25
Signals London 08:00 away=5.0 lookback=30 rv=1.5
Signals London 08:00 away=5.0 lookback=60 rv=0.0
Signals London 08:00 away=5.0 lookback=60 rv=1.25
Signals London 08:00 away=5.0 lookback=60 rv=1.5
Signals London 08:00 away=7.5 lookback=15 rv=0.0
Signals London 08:00 away=7.5 lookback=15 rv=1.25
Signals London 08:00 away=7.5 lookback=15 rv=1.5
Signals London 08:00 away=7.5 lookback=30 rv=0.0
Signals London 08:00 away=7.5 lookback=30 rv=1.25
Signals London 08:00 away=7.5 lookback=30 rv=1.5
Signals London 08:00 away=7.5 lookback=60 rv=0.0
Signals London 08:00 away=7.5 lookback=60 rv=1.25
Signals London 08:00 away=7.5 lookback=60 rv=1.5
Signals London 08:00 away=10.0 lookback=15 rv=0.0
Signals London 08:00 away=10.0 lookback=15 rv=1.25
Signals London 08:00 away=10.0 lookback=15 rv=1.5
Signals London 08:00 away=10.0 lookback=30 rv=0.0
Signals London 08:00 away=10.0 lookback=30 rv=1.25
Signals London 08:00 away=10.0 lookback=30 rv=1.5
Signals London 08:00 away=10.0 lookback=60 rv=0.0
Signals London 08:00 away=10.0 lookback=60 rv=1.25
Signals London 08:00 away=10.0 lookback=60 rv=1.5
Signals US RTH 09:30 NY away=2.5 lookback=15 rv=0.0
Signals US RTH 09:30 NY away=2.5 lookback=15 rv=1.25
Signals US RTH 09:30 NY away=2.5 lookback=15 rv=1.5
Signals US RTH 09:30 NY away=2.5 lookback=30 rv=0.0
Signals US RTH 09:30 NY away=2.5 lookback=30 rv=1.25
Signals US RTH 09:30 NY away=2.5 lookback=30 rv=1.5
Signals US RTH 09:30 NY away=2.5 lookback=60 rv=0.0
Signals US RTH 09:30 NY away=2.5 lookback=60 rv=1.25
Signals US RTH 09:30 NY away=2.5 lookback=60 rv=1.5
Signals US RTH 09:30 NY away=5.0 lookback=15 rv=0.0
Signals US RTH 09:30 NY away=5.0 lookback=15 rv=1.25
Signals US RTH 09:30 NY away=5.0 lookback=15 rv=1.5
Signals US RTH 09:30 NY away=5.0 lookback=30 rv=0.0
Signals US RTH 09:30 NY away=5.0 lookback=30 rv=1.25
Signals US RTH 09:30 NY away=5.0 lookback=30 rv=1.5
Signals US RTH 09:30 NY away=5.0 lookback=60 rv=0.0
Signals US RTH 09:30 NY away=5.0 lookback=60 rv=1.25
Signals US RTH 09:30 NY away=5.0 lookback=60 rv=1.5
Signals US RTH 09:30 NY away=7.5 lookback=15 rv=0.0
Signals US RTH 09:30 NY away=7.5 lookback=15 rv=1.25
Signals US RTH 09:30 NY away=7.5 lookback=15 rv=1.5
Signals US RTH 09:30 NY away=7.5 lookback=30 rv=0.0
Signals US RTH 09:30 NY away=7.5 lookback=30 rv=1.25
Signals US RTH 09:30 NY away=7.5 lookback=30 rv=1.5
Signals US RTH 09:30 NY away=7.5 lookback=60 rv=0.0
Signals US RTH 09:30 NY away=7.5 lookback=60 rv=1.25
Signals US RTH 09:30 NY away=7.5 lookback=60 rv=1.5
Signals US RTH 09:30 NY away=10.0 lookback=15 rv=0.0
Signals US RTH 09:30 NY away=10.0 lookback=15 rv=1.25
Signals US RTH 09:30 NY away=10.0 lookback=15 rv=1.5
Signals US RTH 09:30 NY away=10.0 lookback=30 rv=0.0
Signals US RTH 09:30 NY away=10.0 lookback=30 rv=1.25
Signals US RTH 09:30 NY away=10.0 lookback=30 rv=1.5
Signals US RTH 09:30 NY away=10.0 lookback=60 rv=0.0
Signals US RTH 09:30 NY away=10.0 lookback=60 rv=1.25
Signals US RTH 09:30 NY away=10.0 lookback=60 rv=1.5
{
  "selection": {
    "decision": "REJECT",
    "config": {
      "anchor": 2,
      "away_points": 7.5,
      "trend_lookback": 60,
      "target_points": 3.75,
      "maximum_hold": 30,
      "minimum_relative_volume": 1.25,
      "anchor_name": "US RTH 09:30 NY"
    },
    "data": {
      "broker": "Exness-MT5Trial16",
      "symbol": "US500",
      "first": "2022-01-02T23:30:00+00:00",
      "last": "2026-08-14T12:25:00+00:00",
      "rows": 1579928
    },
    "costs": {
      "commission_usd_per_lot_per_side": 0.5,
      "stop_and_market_slippage_points": 0.25
    },
    "bookmap_dom_tested": false
  },
  "summary": [
    {
      "period": "development",
      "start": "2022-01-03 00:00:00+00:00",
      "end": "2025-01-01 00:00:00+00:00",
      "net_final": 640.5397973328724,
      "net_return_pct": -93.59460202667128,
      "net_closed_equity_dd_pct": 93.61118679825633,
      "net_profit_factor": 0.35462774215937887,
      "net_wins": 155,
      "net_losses": 295,
      "net_trades": 450,
      "net_win_rate_pct": 34.44444444444444,
      "net_net_r": -270.5462504854666,
      "zero_cost_final": 5265.541787487442,
      "zero_cost_return_pct": -47.34458212512558,
      "zero_cost_closed_equity_dd_pct": 48.87029218739342,
      "zero_cost_profit_factor": 0.7687698481326743,
      "zero_cost_wins": 155,
      "zero_cost_losses": 295,
      "zero_cost_trades": 450,
      "zero_cost_win_rate_pct": 34.44444444444444,
      "zero_cost_net_r": -60.94625048546623
    },
    {
      "period": "validation",
      "start": "2025-01-01 00:00:00+00:00",
      "end": "2025-08-11 00:00:00+00:00",
      "net_final": 6295.295566227365,
      "net_return_pct": -37.04704433772634,
      "net_closed_equity_dd_pct": 39.07961231702931,
      "net_profit_factor": 0.5012161247242473,
      "net_wins": 44,
      "net_losses": 62,
      "net_trades": 106,
      "net_win_rate_pct": 41.509433962264154,
      "net_net_r": -45.31469474930052,
      "zero_cost_final": 10262.420225104468,
      "zero_cost_return_pct": 2.6242022510446716,
      "zero_cost_closed_equity_dd_pct": 18.300970644720067,
      "zero_cost_profit_factor": 1.0421951126948357,
      "zero_cost_wins": 44,
      "zero_cost_losses": 62,
      "zero_cost_trades": 106,
      "zero_cost_win_rate_pct": 41.509433962264154,
      "zero_cost_net_r": 3.3853052506994565
    },
    {
      "period": "locked",
      "start": "2025-08-11 00:00:00+00:00",
      "end": "2026-08-11 00:00:00+00:00",
      "net_final": 2833.940661923197,
      "net_return_pct": -71.66059338076803,
      "net_closed_equity_dd_pct": 71.96893509472605,
      "net_profit_factor": 0.3479499074633338,
      "net_wins": 59,
      "net_losses": 127,
      "net_trades": 186,
      "net_win_rate_pct": 31.72043010752688,
      "net_net_r": -124.30528780221294,
      "zero_cost_final": 6804.701023505004,
      "zero_cost_return_pct": -31.952989764949958,
      "zero_cost_closed_equity_dd_pct": 34.53651016167169,
      "zero_cost_profit_factor": 0.7024080479201196,
      "zero_cost_wins": 60,
      "zero_cost_losses": 126,
      "zero_cost_trades": 186,
      "zero_cost_win_rate_pct": 32.25806451612903,
      "zero_cost_net_r": -37.205287802212844
    },
    {
      "period": "full",
      "start": "2022-01-03 00:00:00+00:00",
      "end": "2026-08-11 00:00:00+00:00",
      "net_final": 114.2754646485583,
      "net_return_pct": -98.85724535351443,
      "net_closed_equity_dd_pct": 98.85724535351441,
      "net_profit_factor": 0.3589581973361281,
      "net_wins": 258,
      "net_losses": 484,
      "net_trades": 742,
      "net_win_rate_pct": 34.77088948787062,
      "net_net_r": -440.1662330369777,
      "zero_cost_final": 3677.070074043651,
      "zero_cost_return_pct": -63.22929925956349,
      "zero_cost_closed_equity_dd_pct": 63.58339691899522,
      "zero_cost_profit_factor": 0.7860399149921393,
      "zero_cost_wins": 259,
      "zero_cost_losses": 483,
      "zero_cost_trades": 742,
      "zero_cost_win_rate_pct": 34.90566037735849,
      "zero_cost_net_r": -94.76623303697961
    }
  ]
}
