INFO:     Started server process [21436]
INFO:     Waiting for application startup.
INFO:     Application startup complete.
INFO:     Uvicorn running on http://0.0.0.0:8080 (Press CTRL+C to quit)
ERROR:    Exception in ASGI application
Traceback (most recent call last):
  File "C:\Users\hama101\Desktop\geek\ai trader\AAA EAs\EA store\.venv\Lib\site-packages\uvicorn\protocols\http\httptools_impl.py", line 422, in run_asgi
    result = await app(  # type: ignore[func-returns-value]
             ^^^^^^^^^^^^^^^^^^^^^^^^^^^^^^^^^^^^^^^^^^^^^^
  File "C:\Users\hama101\Desktop\geek\ai trader\AAA EAs\EA store\.venv\Lib\site-packages\uvicorn\middleware\proxy_headers.py", line 63, in __call__
    return await self.app(scope, receive, send)
           ^^^^^^^^^^^^^^^^^^^^^^^^^^^^^^^^^^^^
  File "C:\Users\hama101\Desktop\geek\ai trader\AAA EAs\EA store\.venv\Lib\site-packages\fastapi\applications.py", line 1163, in __call__
    await super().__call__(scope, receive, send)
  File "C:\Users\hama101\Desktop\geek\ai trader\AAA EAs\EA store\.venv\Lib\site-packages\starlette\applications.py", line 96, in __call__
    await self.middleware_stack(scope, receive, send)
  File "C:\Users\hama101\Desktop\geek\ai trader\AAA EAs\EA store\.venv\Lib\site-packages\starlette\middleware\errors.py", line 186, in __call__
    raise exc
  File "C:\Users\hama101\Desktop\geek\ai trader\AAA EAs\EA store\.venv\Lib\site-packages\starlette\middleware\errors.py", line 164, in __call__
    await self.app(scope, receive, _send)
  File "C:\Users\hama101\Desktop\geek\ai trader\AAA EAs\EA store\.venv\Lib\site-packages\starlette\middleware\exceptions.py", line 63, in __call__
    await wrap_app_handling_exceptions(self.app, conn)(scope, receive, send)
  File "C:\Users\hama101\Desktop\geek\ai trader\AAA EAs\EA store\.venv\Lib\site-packages\starlette\_exception_handler.py", line 53, in wrapped_app
    raise exc
  File "C:\Users\hama101\Desktop\geek\ai trader\AAA EAs\EA store\.venv\Lib\site-packages\starlette\_exception_handler.py", line 42, in wrapped_app
    await app(scope, receive, sender)
  File "C:\Users\hama101\Desktop\geek\ai trader\AAA EAs\EA store\.venv\Lib\site-packages\fastapi\middleware\asyncexitstack.py", line 18, in __call__
    await self.app(scope, receive, send)
  File "C:\Users\hama101\Desktop\geek\ai trader\AAA EAs\EA store\.venv\Lib\site-packages\starlette\routing.py", line 670, in __call__
    await self.middleware_stack(scope, receive, send)
  File "C:\Users\hama101\Desktop\geek\ai trader\AAA EAs\EA store\.venv\Lib\site-packages\fastapi\routing.py", line 2734, in app
    await route.handle(scope, receive, send)
  File "C:\Users\hama101\Desktop\geek\ai trader\AAA EAs\EA store\.venv\Lib\site-packages\fastapi\routing.py", line 1281, in handle
    await super().handle(scope, receive, send)
  File "C:\Users\hama101\Desktop\geek\ai trader\AAA EAs\EA store\.venv\Lib\site-packages\starlette\routing.py", line 280, in handle
    await self.app(scope, receive, send)
  File "C:\Users\hama101\Desktop\geek\ai trader\AAA EAs\EA store\.venv\Lib\site-packages\fastapi\routing.py", line 158, in app
    await wrap_app_handling_exceptions(app, request)(scope, receive, send)
  File "C:\Users\hama101\Desktop\geek\ai trader\AAA EAs\EA store\.venv\Lib\site-packages\starlette\_exception_handler.py", line 53, in wrapped_app
    raise exc
  File "C:\Users\hama101\Desktop\geek\ai trader\AAA EAs\EA store\.venv\Lib\site-packages\starlette\_exception_handler.py", line 42, in wrapped_app
    await app(scope, receive, sender)
  File "C:\Users\hama101\Desktop\geek\ai trader\AAA EAs\EA store\.venv\Lib\site-packages\fastapi\routing.py", line 144, in app
    response = await f(request)
               ^^^^^^^^^^^^^^^^
  File "C:\Users\hama101\Desktop\geek\ai trader\AAA EAs\EA store\.venv\Lib\site-packages\fastapi\routing.py", line 706, in app
    raw_response = await run_endpoint_function(
                   ^^^^^^^^^^^^^^^^^^^^^^^^^^^^
  File "C:\Users\hama101\Desktop\geek\ai trader\AAA EAs\EA store\.venv\Lib\site-packages\fastapi\routing.py", line 352, in run_endpoint_function
    return await dependant.call(**values)
           ^^^^^^^^^^^^^^^^^^^^^^^^^^^^^^
  File "C:\Users\hama101\Desktop\geek\ai trader\AAA EAs\EA store\app\main.py", line 276, in catalogue
    if product.evidence and product.evidence.status.lower().startswith(evidence)
  File "C:\Users\hama101\Desktop\geek\ai trader\AAA EAs\EA store\.venv\Lib\site-packages\starlette\templating.py", line 149, in TemplateResponse
    return _TemplateResponse(
           ^^^^^^^^^^^^^^^^^^
  File "C:\Users\hama101\Desktop\geek\ai trader\AAA EAs\EA store\.venv\Lib\site-packages\starlette\templating.py", line 43, in __init__
    content = template.render(context)
              ^^^^^^^^^^^^^^^^^^^^^^^^
  File "C:\Users\hama101\Desktop\geek\ai trader\AAA EAs\EA store\.venv\Lib\site-packages\jinja2\environment.py", line 1295, in render
    self.environment.handle_exception()
  File "C:\Users\hama101\Desktop\geek\ai trader\AAA EAs\EA store\.venv\Lib\site-packages\jinja2\environment.py", line 942, in handle_exception
    raise rewrite_traceback_stack(source=source)
  File "C:\Users\hama101\Desktop\geek\ai trader\AAA EAs\EA store\templates\catalogue.html", line 1, in top-level template code
    {% extends "base.html" %}
  File "C:\Users\hama101\Desktop\geek\ai trader\AAA EAs\EA store\templates\base.html", line 73, in top-level template code
    <main>{% block content %}{% endblock %}</main>
    ^^^^^^^^^^^^^^^^^^^^^^^^^
  File "C:\Users\hama101\Desktop\geek\ai trader\AAA EAs\EA store\templates\catalogue.html", line 14, in block 'content'
    {% for symbol, count in symbols|dictsort %}<option value="{{ symbol|lower }}" {% if selected_symbol == symbol|lower %}selected{% endif %}>{{ symbol }} ({{ count }})</option>{% endfor %}
    ^^^^^^^^^^^^^^^^^^^^^^^^^
  File "C:\Users\hama101\Desktop\geek\ai trader\AAA EAs\EA store\.venv\Lib\site-packages\jinja2\filters.py", line 382, in do_dictsort
    return sorted(value.items(), key=sort_func, reverse=reverse)
                  ^^^^^^^^^^^
jinja2.exceptions.UndefinedError: 'symbols' is undefined
ERROR:    Exception in ASGI application
Traceback (most recent call last):
  File "C:\Users\hama101\Desktop\geek\ai trader\AAA EAs\EA store\.venv\Lib\site-packages\uvicorn\protocols\http\httptools_impl.py", line 422, in run_asgi
    result = await app(  # type: ignore[func-returns-value]
             ^^^^^^^^^^^^^^^^^^^^^^^^^^^^^^^^^^^^^^^^^^^^^^
  File "C:\Users\hama101\Desktop\geek\ai trader\AAA EAs\EA store\.venv\Lib\site-packages\uvicorn\middleware\proxy_headers.py", line 63, in __call__
    return await self.app(scope, receive, send)
           ^^^^^^^^^^^^^^^^^^^^^^^^^^^^^^^^^^^^
  File "C:\Users\hama101\Desktop\geek\ai trader\AAA EAs\EA store\.venv\Lib\site-packages\fastapi\applications.py", line 1163, in __call__
    await super().__call__(scope, receive, send)
  File "C:\Users\hama101\Desktop\geek\ai trader\AAA EAs\EA store\.venv\Lib\site-packages\starlette\applications.py", line 96, in __call__
    await self.middleware_stack(scope, receive, send)
  File "C:\Users\hama101\Desktop\geek\ai trader\AAA EAs\EA store\.venv\Lib\site-packages\starlette\middleware\errors.py", line 186, in __call__
    raise exc
  File "C:\Users\hama101\Desktop\geek\ai trader\AAA EAs\EA store\.venv\Lib\site-packages\starlette\middleware\errors.py", line 164, in __call__
    await self.app(scope, receive, _send)
  File "C:\Users\hama101\Desktop\geek\ai trader\AAA EAs\EA store\.venv\Lib\site-packages\starlette\middleware\exceptions.py", line 63, in __call__
    await wrap_app_handling_exceptions(self.app, conn)(scope, receive, send)
  File "C:\Users\hama101\Desktop\geek\ai trader\AAA EAs\EA store\.venv\Lib\site-packages\starlette\_exception_handler.py", line 53, in wrapped_app
    raise exc
  File "C:\Users\hama101\Desktop\geek\ai trader\AAA EAs\EA store\.venv\Lib\site-packages\starlette\_exception_handler.py", line 42, in wrapped_app
    await app(scope, receive, sender)
  File "C:\Users\hama101\Desktop\geek\ai trader\AAA EAs\EA store\.venv\Lib\site-packages\fastapi\middleware\asyncexitstack.py", line 18, in __call__
    await self.app(scope, receive, send)
  File "C:\Users\hama101\Desktop\geek\ai trader\AAA EAs\EA store\.venv\Lib\site-packages\starlette\routing.py", line 670, in __call__
    await self.middleware_stack(scope, receive, send)
  File "C:\Users\hama101\Desktop\geek\ai trader\AAA EAs\EA store\.venv\Lib\site-packages\fastapi\routing.py", line 2734, in app
    await route.handle(scope, receive, send)
  File "C:\Users\hama101\Desktop\geek\ai trader\AAA EAs\EA store\.venv\Lib\site-packages\fastapi\routing.py", line 1281, in handle
    await super().handle(scope, receive, send)
  File "C:\Users\hama101\Desktop\geek\ai trader\AAA EAs\EA store\.venv\Lib\site-packages\starlette\routing.py", line 280, in handle
    await self.app(scope, receive, send)
  File "C:\Users\hama101\Desktop\geek\ai trader\AAA EAs\EA store\.venv\Lib\site-packages\fastapi\routing.py", line 158, in app
    await wrap_app_handling_exceptions(app, request)(scope, receive, send)
  File "C:\Users\hama101\Desktop\geek\ai trader\AAA EAs\EA store\.venv\Lib\site-packages\starlette\_exception_handler.py", line 53, in wrapped_app
    raise exc
  File "C:\Users\hama101\Desktop\geek\ai trader\AAA EAs\EA store\.venv\Lib\site-packages\starlette\_exception_handler.py", line 42, in wrapped_app
    await app(scope, receive, sender)
  File "C:\Users\hama101\Desktop\geek\ai trader\AAA EAs\EA store\.venv\Lib\site-packages\fastapi\routing.py", line 144, in app
    response = await f(request)
               ^^^^^^^^^^^^^^^^
  File "C:\Users\hama101\Desktop\geek\ai trader\AAA EAs\EA store\.venv\Lib\site-packages\fastapi\routing.py", line 706, in app
    raw_response = await run_endpoint_function(
                   ^^^^^^^^^^^^^^^^^^^^^^^^^^^^
  File "C:\Users\hama101\Desktop\geek\ai trader\AAA EAs\EA store\.venv\Lib\site-packages\fastapi\routing.py", line 352, in run_endpoint_function
    return await dependant.call(**values)
           ^^^^^^^^^^^^^^^^^^^^^^^^^^^^^^
  File "C:\Users\hama101\Desktop\geek\ai trader\AAA EAs\EA store\app\main.py", line 276, in catalogue
    if product.evidence and product.evidence.status.lower().startswith(evidence)
  File "C:\Users\hama101\Desktop\geek\ai trader\AAA EAs\EA store\.venv\Lib\site-packages\starlette\templating.py", line 149, in TemplateResponse
    return _TemplateResponse(
           ^^^^^^^^^^^^^^^^^^
  File "C:\Users\hama101\Desktop\geek\ai trader\AAA EAs\EA store\.venv\Lib\site-packages\starlette\templating.py", line 43, in __init__
    content = template.render(context)
              ^^^^^^^^^^^^^^^^^^^^^^^^
  File "C:\Users\hama101\Desktop\geek\ai trader\AAA EAs\EA store\.venv\Lib\site-packages\jinja2\environment.py", line 1295, in render
    self.environment.handle_exception()
  File "C:\Users\hama101\Desktop\geek\ai trader\AAA EAs\EA store\.venv\Lib\site-packages\jinja2\environment.py", line 942, in handle_exception
    raise rewrite_traceback_stack(source=source)
  File "C:\Users\hama101\Desktop\geek\ai trader\AAA EAs\EA store\templates\catalogue.html", line 1, in top-level template code
    {% extends "base.html" %}
  File "C:\Users\hama101\Desktop\geek\ai trader\AAA EAs\EA store\templates\base.html", line 73, in top-level template code
    <main>{% block content %}{% endblock %}</main>
    ^^^^^^^^^^^^^^^^^^^^^^^^^
  File "C:\Users\hama101\Desktop\geek\ai trader\AAA EAs\EA store\templates\catalogue.html", line 14, in block 'content'
    {% for symbol, count in symbols|dictsort %}<option value="{{ symbol|lower }}" {% if selected_symbol == symbol|lower %}selected{% endif %}>{{ symbol }} ({{ count }})</option>{% endfor %}
    ^^^^^^^^^^^^^^^^^^^^^^^^^
  File "C:\Users\hama101\Desktop\geek\ai trader\AAA EAs\EA store\.venv\Lib\site-packages\jinja2\filters.py", line 382, in do_dictsort
    return sorted(value.items(), key=sort_func, reverse=reverse)
                  ^^^^^^^^^^^
jinja2.exceptions.UndefinedError: 'symbols' is undefined
ERROR:    Exception in ASGI application
Traceback (most recent call last):
  File "C:\Users\hama101\Desktop\geek\ai trader\AAA EAs\EA store\.venv\Lib\site-packages\uvicorn\protocols\http\httptools_impl.py", line 422, in run_asgi
    result = await app(  # type: ignore[func-returns-value]
             ^^^^^^^^^^^^^^^^^^^^^^^^^^^^^^^^^^^^^^^^^^^^^^
  File "C:\Users\hama101\Desktop\geek\ai trader\AAA EAs\EA store\.venv\Lib\site-packages\uvicorn\middleware\proxy_headers.py", line 63, in __call__
    return await self.app(scope, receive, send)
           ^^^^^^^^^^^^^^^^^^^^^^^^^^^^^^^^^^^^
  File "C:\Users\hama101\Desktop\geek\ai trader\AAA EAs\EA store\.venv\Lib\site-packages\fastapi\applications.py", line 1163, in __call__
    await super().__call__(scope, receive, send)
  File "C:\Users\hama101\Desktop\geek\ai trader\AAA EAs\EA store\.venv\Lib\site-packages\starlette\applications.py", line 96, in __call__
    await self.middleware_stack(scope, receive, send)
  File "C:\Users\hama101\Desktop\geek\ai trader\AAA EAs\EA store\.venv\Lib\site-packages\starlette\middleware\errors.py", line 186, in __call__
    raise exc
  File "C:\Users\hama101\Desktop\geek\ai trader\AAA EAs\EA store\.venv\Lib\site-packages\starlette\middleware\errors.py", line 164, in __call__
    await self.app(scope, receive, _send)
  File "C:\Users\hama101\Desktop\geek\ai trader\AAA EAs\EA store\.venv\Lib\site-packages\starlette\middleware\exceptions.py", line 63, in __call__
    await wrap_app_handling_exceptions(self.app, conn)(scope, receive, send)
  File "C:\Users\hama101\Desktop\geek\ai trader\AAA EAs\EA store\.venv\Lib\site-packages\starlette\_exception_handler.py", line 53, in wrapped_app
    raise exc
  File "C:\Users\hama101\Desktop\geek\ai trader\AAA EAs\EA store\.venv\Lib\site-packages\starlette\_exception_handler.py", line 42, in wrapped_app
    await app(scope, receive, sender)
  File "C:\Users\hama101\Desktop\geek\ai trader\AAA EAs\EA store\.venv\Lib\site-packages\fastapi\middleware\asyncexitstack.py", line 18, in __call__
    await self.app(scope, receive, send)
  File "C:\Users\hama101\Desktop\geek\ai trader\AAA EAs\EA store\.venv\Lib\site-packages\starlette\routing.py", line 670, in __call__
    await self.middleware_stack(scope, receive, send)
  File "C:\Users\hama101\Desktop\geek\ai trader\AAA EAs\EA store\.venv\Lib\site-packages\fastapi\routing.py", line 2734, in app
    await route.handle(scope, receive, send)
  File "C:\Users\hama101\Desktop\geek\ai trader\AAA EAs\EA store\.venv\Lib\site-packages\fastapi\routing.py", line 1281, in handle
    await super().handle(scope, receive, send)
  File "C:\Users\hama101\Desktop\geek\ai trader\AAA EAs\EA store\.venv\Lib\site-packages\starlette\routing.py", line 280, in handle
    await self.app(scope, receive, send)
  File "C:\Users\hama101\Desktop\geek\ai trader\AAA EAs\EA store\.venv\Lib\site-packages\fastapi\routing.py", line 158, in app
    await wrap_app_handling_exceptions(app, request)(scope, receive, send)
  File "C:\Users\hama101\Desktop\geek\ai trader\AAA EAs\EA store\.venv\Lib\site-packages\starlette\_exception_handler.py", line 53, in wrapped_app
    raise exc
  File "C:\Users\hama101\Desktop\geek\ai trader\AAA EAs\EA store\.venv\Lib\site-packages\starlette\_exception_handler.py", line 42, in wrapped_app
    await app(scope, receive, sender)
  File "C:\Users\hama101\Desktop\geek\ai trader\AAA EAs\EA store\.venv\Lib\site-packages\fastapi\routing.py", line 144, in app
    response = await f(request)
               ^^^^^^^^^^^^^^^^
  File "C:\Users\hama101\Desktop\geek\ai trader\AAA EAs\EA store\.venv\Lib\site-packages\fastapi\routing.py", line 706, in app
    raw_response = await run_endpoint_function(
                   ^^^^^^^^^^^^^^^^^^^^^^^^^^^^
  File "C:\Users\hama101\Desktop\geek\ai trader\AAA EAs\EA store\.venv\Lib\site-packages\fastapi\routing.py", line 352, in run_endpoint_function
    return await dependant.call(**values)
           ^^^^^^^^^^^^^^^^^^^^^^^^^^^^^^
  File "C:\Users\hama101\Desktop\geek\ai trader\AAA EAs\EA store\app\main.py", line 276, in catalogue
    if product.evidence and product.evidence.status.lower().startswith(evidence)
  File "C:\Users\hama101\Desktop\geek\ai trader\AAA EAs\EA store\.venv\Lib\site-packages\starlette\templating.py", line 149, in TemplateResponse
    return _TemplateResponse(
           ^^^^^^^^^^^^^^^^^^
  File "C:\Users\hama101\Desktop\geek\ai trader\AAA EAs\EA store\.venv\Lib\site-packages\starlette\templating.py", line 43, in __init__
    content = template.render(context)
              ^^^^^^^^^^^^^^^^^^^^^^^^
  File "C:\Users\hama101\Desktop\geek\ai trader\AAA EAs\EA store\.venv\Lib\site-packages\jinja2\environment.py", line 1295, in render
    self.environment.handle_exception()
  File "C:\Users\hama101\Desktop\geek\ai trader\AAA EAs\EA store\.venv\Lib\site-packages\jinja2\environment.py", line 942, in handle_exception
    raise rewrite_traceback_stack(source=source)
  File "C:\Users\hama101\Desktop\geek\ai trader\AAA EAs\EA store\templates\catalogue.html", line 1, in top-level template code
    {% extends "base.html" %}
  File "C:\Users\hama101\Desktop\geek\ai trader\AAA EAs\EA store\templates\base.html", line 73, in top-level template code
    <main>{% block content %}{% endblock %}</main>
    ^^^^^^^^^^^^^^^^^^^^^^^^^
  File "C:\Users\hama101\Desktop\geek\ai trader\AAA EAs\EA store\templates\catalogue.html", line 14, in block 'content'
    {% for symbol, count in symbols|dictsort %}<option value="{{ symbol|lower }}" {% if selected_symbol == symbol|lower %}selected{% endif %}>{{ symbol }} ({{ count }})</option>{% endfor %}
    ^^^^^^^^^^^^^^^^^^^^^^^^^
  File "C:\Users\hama101\Desktop\geek\ai trader\AAA EAs\EA store\.venv\Lib\site-packages\jinja2\filters.py", line 382, in do_dictsort
    return sorted(value.items(), key=sort_func, reverse=reverse)
                  ^^^^^^^^^^^
jinja2.exceptions.UndefinedError: 'symbols' is undefined
