
=== XAU: loading M1 history ===
{
  "instrument": "XAU",
  "status": "REJECT",
  "parameters": {
    "timeframe_minutes": 5,
    "pivot_bars": 5,
    "minimum_impulse_atr": 2.0,
    "minimum_gap_atr": 0.2,
    "rejection_mode": 0,
    "expiry_bars": 48,
    "stop_mode": 0,
    "stop_buffer_atr": 0.1,
    "reward_risk": 2.5,
    "maximum_hold_hours": 6,
    "management": 0
  },
  "confirmation": {
    "trades": 5,
    "wins": 2,
    "losses": 3,
    "win_rate_pct": 40.0,
    "profit_factor": 1.6478740156768998,
    "net_r": 1.9588220401390894,
    "mean_r": 0.39176440802781787,
    "return_pct": 1.900266637695447,
    "max_drawdown_pct": 3.733155445481563,
    "final_balance": 10190.026663769544
  },
  "full": {
    "trades": 36,
    "wins": 12,
    "losses": 24,
    "win_rate_pct": 33.333333333333336,
    "profit_factor": 1.1937111197581154,
    "net_r": 4.823460184722714,
    "mean_r": 0.1339850051311865,
    "return_pct": 4.426299759602514,
    "max_drawdown_pct": 6.199229223122663,
    "final_balance": 10442.629975960252
  }
}

=== XAG: loading M1 history ===
{
  "instrument": "XAG",
  "status": "REJECT",
  "parameters": {
    "timeframe_minutes": 5,
    "pivot_bars": 3,
    "minimum_impulse_atr": 2.0,
    "minimum_gap_atr": 0.05,
    "rejection_mode": 1,
    "expiry_bars": 24,
    "stop_mode": 0,
    "stop_buffer_atr": 0.25,
    "reward_risk": 3.0,
    "maximum_hold_hours": 24,
    "management": 0
  },
  "confirmation": {
    "trades": 6,
    "wins": 2,
    "losses": 4,
    "win_rate_pct": 33.333333333333336,
    "profit_factor": 1.4437670470944983,
    "net_r": 1.8260992104174794,
    "mean_r": 0.3043498684029132,
    "return_pct": 1.7330963474427419,
    "max_drawdown_pct": 3.6212931564735604,
    "final_balance": 10173.309634744273
  },
  "full": {
    "trades": 42,
    "wins": 7,
    "losses": 35,
    "win_rate_pct": 16.666666666666668,
    "profit_factor": 0.4714211179336025,
    "net_r": -20.03073850611111,
    "mean_r": -0.47692234538359785,
    "return_pct": -18.52860205655701,
    "max_drawdown_pct": 23.517440096944394,
    "final_balance": 8147.139794344299
  }
}

=== US30: loading M1 history ===
{
  "instrument": "US30",
  "status": "REJECT",
  "parameters": {
    "timeframe_minutes": 5,
    "pivot_bars": 5,
    "minimum_impulse_atr": 4.0,
    "minimum_gap_atr": 0.2,
    "rejection_mode": 1,
    "expiry_bars": 48,
    "stop_mode": 0,
    "stop_buffer_atr": 0.25,
    "reward_risk": 1.5,
    "maximum_hold_hours": 6,
    "management": 0
  },
  "confirmation": {
    "trades": 4,
    "wins": 1,
    "losses": 3,
    "win_rate_pct": 25.0,
    "profit_factor": 0.48845930290277506,
    "net_r": -1.552596792625307,
    "mean_r": -0.38814919815632676,
    "return_pct": -1.5665381576054238,
    "max_drawdown_pct": 3.044942964374624,
    "final_balance": 9843.346184239457
  },
  "full": {
    "trades": 44,
    "wins": 20,
    "losses": 24,
    "win_rate_pct": 45.45454545454545,
    "profit_factor": 1.1491976689639827,
    "net_r": 3.6564961357623473,
    "mean_r": 0.08310218490368972,
    "return_pct": 3.3847776427801124,
    "max_drawdown_pct": 7.584230054563415,
    "final_balance": 10338.477764278012
  }
}

=== US100: loading M1 history ===
{
  "instrument": "US100",
  "status": "REJECT",
  "parameters": {
    "timeframe_minutes": 5,
    "pivot_bars": 3,
    "minimum_impulse_atr": 2.0,
    "minimum_gap_atr": 0.1,
    "rejection_mode": 0,
    "expiry_bars": 48,
    "stop_mode": 0,
    "stop_buffer_atr": 0.1,
    "reward_risk": 2.5,
    "maximum_hold_hours": 72,
    "management": 0
  },
  "confirmation": {
    "trades": 2,
    "wins": 0,
    "losses": 2,
    "win_rate_pct": 0.0,
    "profit_factor": 0.0,
    "net_r": -2.1167667065317124,
    "mean_r": -1.0583833532658562,
    "return_pct": -2.105572197582406,
    "max_drawdown_pct": 2.105572197582405,
    "final_balance": 9789.44278024176
  },
  "full": {
    "trades": 34,
    "wins": 10,
    "losses": 24,
    "win_rate_pct": 29.41176470588235,
    "profit_factor": 0.9857912966009267,
    "net_r": -0.3551023634156314,
    "mean_r": -0.010444187159283276,
    "return_pct": -0.781761332563069,
    "max_drawdown_pct": 8.400660960553473,
    "final_balance": 9921.823866743693
  }
}

=== BTC: loading M1 history ===
{
  "instrument": "BTC",
  "status": "PASS",
  "parameters": {
    "timeframe_minutes": 5,
    "pivot_bars": 5,
    "minimum_impulse_atr": 4.0,
    "minimum_gap_atr": 0.1,
    "rejection_mode": 0,
    "expiry_bars": 48,
    "stop_mode": 1,
    "stop_buffer_atr": 0.1,
    "reward_risk": 3.0,
    "maximum_hold_hours": 6,
    "management": 0
  },
  "confirmation": {
    "trades": 13,
    "wins": 5,
    "losses": 8,
    "win_rate_pct": 38.46153846153846,
    "profit_factor": 1.5321304124467008,
    "net_r": 4.527474818492279,
    "mean_r": 0.3482672937301753,
    "return_pct": 4.399317762746668,
    "max_drawdown_pct": 3.8951693050449645,
    "final_balance": 10439.931776274667
  },
  "full": {
    "trades": 62,
    "wins": 19,
    "losses": 43,
    "win_rate_pct": 30.64516129032258,
    "profit_factor": 1.1827411564361434,
    "net_r": 8.214608812861307,
    "mean_r": 0.13249369053002108,
    "return_pct": 7.495341138156775,
    "max_drawdown_pct": 11.822233071020987,
    "final_balance": 10749.534113815678
  }
}

=== ETH: loading M1 history ===
