Testing select-xau-01
Testing select-xau-02
Testing select-xau-03
Testing select-xau-04
Testing select-xau-05
Testing select-xau-06
Testing select-xau-07
Testing select-xau-08
Completed 8 cases
Testing select-xau0820-01
Testing select-xau0820-02
Testing select-xau0820-03
Testing select-xau0820-04
Testing select-xau0820-05
Completed 5 cases
Testing select-btc-01
Testing select-btc-02
Testing select-btc-03
Testing select-btc-04
Testing select-btc-05
Testing select-btc-06
Testing select-btc-07
Testing select-btc-08
Completed 8 cases
Testing select-btc0800-01
Testing select-btc0800-02
Testing select-btc0800-03
Completed 3 cases
Testing select-us30-01
Testing select-us30-02
Testing select-us30-03
Testing select-us30-04
Testing select-us30-05
Testing select-us30-06
Testing select-us30-07
Completed 7 cases
Testing select-us30len-01
Testing select-us30len-02
Testing select-us30len-03
Testing select-us30len-04
Testing select-us30len-05
Testing select-us30len-06
Testing select-us30len-07
Testing select-us30len-08
Completed 8 cases
Testing select-ustec-01
Testing select-ustec-02
Testing select-ustec-03
Testing select-ustec-04
Testing select-ustec-05
Testing select-ustec-06
Testing select-ustec-07
Testing select-ustec-08
Completed 8 cases
Testing select-ustecor5-01
Testing select-ustecor5-02
Testing select-ustecor5-03
Completed 3 cases
Testing select-ustecor10-01
Testing select-ustecor10-02
Testing select-ustecor10-03
Completed 3 cases
Testing select-ustecor30-01
Testing select-ustecor30-02
Testing select-ustecor30-03
Completed 3 cases
Testing select-us500-01
Testing select-us500-02
Testing select-us500-03
Testing select-us500-04
Testing select-us500-05
Testing select-us500-06
Testing select-us500-07
Testing select-us500-08
Completed 8 cases
Testing select-us500or5-01
Testing select-us500or5-02
Testing select-us500or5-03
Completed 3 cases
Testing select-us500or10-01
Testing select-us500or10-02
Testing select-us500or10-03
Completed 3 cases
Testing select-us500or30-01
Testing select-us500or30-02
Testing select-us500or30-03
Completed 3 cases
All ORB selection cases completed.
