1/108 Config(anchor=0, entry_sigma=2.5, reward_to_risk=0.33, moving_target=0, maximum_trades_per_day=1)
2/108 Config(anchor=0, entry_sigma=2.5, reward_to_risk=0.33, moving_target=0, maximum_trades_per_day=2)
3/108 Config(anchor=0, entry_sigma=2.5, reward_to_risk=0.33, moving_target=0, maximum_trades_per_day=3)
4/108 Config(anchor=0, entry_sigma=2.5, reward_to_risk=0.33, moving_target=1, maximum_trades_per_day=1)
5/108 Config(anchor=0, entry_sigma=2.5, reward_to_risk=0.33, moving_target=1, maximum_trades_per_day=2)
6/108 Config(anchor=0, entry_sigma=2.5, reward_to_risk=0.33, moving_target=1, maximum_trades_per_day=3)
7/108 Config(anchor=0, entry_sigma=2.5, reward_to_risk=0.5, moving_target=0, maximum_trades_per_day=1)
8/108 Config(anchor=0, entry_sigma=2.5, reward_to_risk=0.5, moving_target=0, maximum_trades_per_day=2)
9/108 Config(anchor=0, entry_sigma=2.5, reward_to_risk=0.5, moving_target=0, maximum_trades_per_day=3)
10/108 Config(anchor=0, entry_sigma=2.5, reward_to_risk=0.5, moving_target=1, maximum_trades_per_day=1)
11/108 Config(anchor=0, entry_sigma=2.5, reward_to_risk=0.5, moving_target=1, maximum_trades_per_day=2)
12/108 Config(anchor=0, entry_sigma=2.5, reward_to_risk=0.5, moving_target=1, maximum_trades_per_day=3)
13/108 Config(anchor=0, entry_sigma=2.5, reward_to_risk=0.75, moving_target=0, maximum_trades_per_day=1)
14/108 Config(anchor=0, entry_sigma=2.5, reward_to_risk=0.75, moving_target=0, maximum_trades_per_day=2)
15/108 Config(anchor=0, entry_sigma=2.5, reward_to_risk=0.75, moving_target=0, maximum_trades_per_day=3)
16/108 Config(anchor=0, entry_sigma=2.5, reward_to_risk=0.75, moving_target=1, maximum_trades_per_day=1)
17/108 Config(anchor=0, entry_sigma=2.5, reward_to_risk=0.75, moving_target=1, maximum_trades_per_day=2)
18/108 Config(anchor=0, entry_sigma=2.5, reward_to_risk=0.75, moving_target=1, maximum_trades_per_day=3)
19/108 Config(anchor=0, entry_sigma=3.0, reward_to_risk=0.33, moving_target=0, maximum_trades_per_day=1)
20/108 Config(anchor=0, entry_sigma=3.0, reward_to_risk=0.33, moving_target=0, maximum_trades_per_day=2)
21/108 Config(anchor=0, entry_sigma=3.0, reward_to_risk=0.33, moving_target=0, maximum_trades_per_day=3)
22/108 Config(anchor=0, entry_sigma=3.0, reward_to_risk=0.33, moving_target=1, maximum_trades_per_day=1)
23/108 Config(anchor=0, entry_sigma=3.0, reward_to_risk=0.33, moving_target=1, maximum_trades_per_day=2)
24/108 Config(anchor=0, entry_sigma=3.0, reward_to_risk=0.33, moving_target=1, maximum_trades_per_day=3)
25/108 Config(anchor=0, entry_sigma=3.0, reward_to_risk=0.5, moving_target=0, maximum_trades_per_day=1)
26/108 Config(anchor=0, entry_sigma=3.0, reward_to_risk=0.5, moving_target=0, maximum_trades_per_day=2)
27/108 Config(anchor=0, entry_sigma=3.0, reward_to_risk=0.5, moving_target=0, maximum_trades_per_day=3)
28/108 Config(anchor=0, entry_sigma=3.0, reward_to_risk=0.5, moving_target=1, maximum_trades_per_day=1)
29/108 Config(anchor=0, entry_sigma=3.0, reward_to_risk=0.5, moving_target=1, maximum_trades_per_day=2)
30/108 Config(anchor=0, entry_sigma=3.0, reward_to_risk=0.5, moving_target=1, maximum_trades_per_day=3)
31/108 Config(anchor=0, entry_sigma=3.0, reward_to_risk=0.75, moving_target=0, maximum_trades_per_day=1)
32/108 Config(anchor=0, entry_sigma=3.0, reward_to_risk=0.75, moving_target=0, maximum_trades_per_day=2)
33/108 Config(anchor=0, entry_sigma=3.0, reward_to_risk=0.75, moving_target=0, maximum_trades_per_day=3)
34/108 Config(anchor=0, entry_sigma=3.0, reward_to_risk=0.75, moving_target=1, maximum_trades_per_day=1)
35/108 Config(anchor=0, entry_sigma=3.0, reward_to_risk=0.75, moving_target=1, maximum_trades_per_day=2)
36/108 Config(anchor=0, entry_sigma=3.0, reward_to_risk=0.75, moving_target=1, maximum_trades_per_day=3)
37/108 Config(anchor=0, entry_sigma=3.5, reward_to_risk=0.33, moving_target=0, maximum_trades_per_day=1)
38/108 Config(anchor=0, entry_sigma=3.5, reward_to_risk=0.33, moving_target=0, maximum_trades_per_day=2)
39/108 Config(anchor=0, entry_sigma=3.5, reward_to_risk=0.33, moving_target=0, maximum_trades_per_day=3)
40/108 Config(anchor=0, entry_sigma=3.5, reward_to_risk=0.33, moving_target=1, maximum_trades_per_day=1)
41/108 Config(anchor=0, entry_sigma=3.5, reward_to_risk=0.33, moving_target=1, maximum_trades_per_day=2)
42/108 Config(anchor=0, entry_sigma=3.5, reward_to_risk=0.33, moving_target=1, maximum_trades_per_day=3)
43/108 Config(anchor=0, entry_sigma=3.5, reward_to_risk=0.5, moving_target=0, maximum_trades_per_day=1)
44/108 Config(anchor=0, entry_sigma=3.5, reward_to_risk=0.5, moving_target=0, maximum_trades_per_day=2)
45/108 Config(anchor=0, entry_sigma=3.5, reward_to_risk=0.5, moving_target=0, maximum_trades_per_day=3)
46/108 Config(anchor=0, entry_sigma=3.5, reward_to_risk=0.5, moving_target=1, maximum_trades_per_day=1)
47/108 Config(anchor=0, entry_sigma=3.5, reward_to_risk=0.5, moving_target=1, maximum_trades_per_day=2)
48/108 Config(anchor=0, entry_sigma=3.5, reward_to_risk=0.5, moving_target=1, maximum_trades_per_day=3)
49/108 Config(anchor=0, entry_sigma=3.5, reward_to_risk=0.75, moving_target=0, maximum_trades_per_day=1)
50/108 Config(anchor=0, entry_sigma=3.5, reward_to_risk=0.75, moving_target=0, maximum_trades_per_day=2)
51/108 Config(anchor=0, entry_sigma=3.5, reward_to_risk=0.75, moving_target=0, maximum_trades_per_day=3)
52/108 Config(anchor=0, entry_sigma=3.5, reward_to_risk=0.75, moving_target=1, maximum_trades_per_day=1)
53/108 Config(anchor=0, entry_sigma=3.5, reward_to_risk=0.75, moving_target=1, maximum_trades_per_day=2)
54/108 Config(anchor=0, entry_sigma=3.5, reward_to_risk=0.75, moving_target=1, maximum_trades_per_day=3)
55/108 Config(anchor=1, entry_sigma=2.5, reward_to_risk=0.33, moving_target=0, maximum_trades_per_day=1)
56/108 Config(anchor=1, entry_sigma=2.5, reward_to_risk=0.33, moving_target=0, maximum_trades_per_day=2)
57/108 Config(anchor=1, entry_sigma=2.5, reward_to_risk=0.33, moving_target=0, maximum_trades_per_day=3)
58/108 Config(anchor=1, entry_sigma=2.5, reward_to_risk=0.33, moving_target=1, maximum_trades_per_day=1)
59/108 Config(anchor=1, entry_sigma=2.5, reward_to_risk=0.33, moving_target=1, maximum_trades_per_day=2)
60/108 Config(anchor=1, entry_sigma=2.5, reward_to_risk=0.33, moving_target=1, maximum_trades_per_day=3)
61/108 Config(anchor=1, entry_sigma=2.5, reward_to_risk=0.5, moving_target=0, maximum_trades_per_day=1)
62/108 Config(anchor=1, entry_sigma=2.5, reward_to_risk=0.5, moving_target=0, maximum_trades_per_day=2)
63/108 Config(anchor=1, entry_sigma=2.5, reward_to_risk=0.5, moving_target=0, maximum_trades_per_day=3)
64/108 Config(anchor=1, entry_sigma=2.5, reward_to_risk=0.5, moving_target=1, maximum_trades_per_day=1)
65/108 Config(anchor=1, entry_sigma=2.5, reward_to_risk=0.5, moving_target=1, maximum_trades_per_day=2)
66/108 Config(anchor=1, entry_sigma=2.5, reward_to_risk=0.5, moving_target=1, maximum_trades_per_day=3)
67/108 Config(anchor=1, entry_sigma=2.5, reward_to_risk=0.75, moving_target=0, maximum_trades_per_day=1)
68/108 Config(anchor=1, entry_sigma=2.5, reward_to_risk=0.75, moving_target=0, maximum_trades_per_day=2)
69/108 Config(anchor=1, entry_sigma=2.5, reward_to_risk=0.75, moving_target=0, maximum_trades_per_day=3)
70/108 Config(anchor=1, entry_sigma=2.5, reward_to_risk=0.75, moving_target=1, maximum_trades_per_day=1)
71/108 Config(anchor=1, entry_sigma=2.5, reward_to_risk=0.75, moving_target=1, maximum_trades_per_day=2)
72/108 Config(anchor=1, entry_sigma=2.5, reward_to_risk=0.75, moving_target=1, maximum_trades_per_day=3)
73/108 Config(anchor=1, entry_sigma=3.0, reward_to_risk=0.33, moving_target=0, maximum_trades_per_day=1)
74/108 Config(anchor=1, entry_sigma=3.0, reward_to_risk=0.33, moving_target=0, maximum_trades_per_day=2)
75/108 Config(anchor=1, entry_sigma=3.0, reward_to_risk=0.33, moving_target=0, maximum_trades_per_day=3)
76/108 Config(anchor=1, entry_sigma=3.0, reward_to_risk=0.33, moving_target=1, maximum_trades_per_day=1)
77/108 Config(anchor=1, entry_sigma=3.0, reward_to_risk=0.33, moving_target=1, maximum_trades_per_day=2)
78/108 Config(anchor=1, entry_sigma=3.0, reward_to_risk=0.33, moving_target=1, maximum_trades_per_day=3)
79/108 Config(anchor=1, entry_sigma=3.0, reward_to_risk=0.5, moving_target=0, maximum_trades_per_day=1)
80/108 Config(anchor=1, entry_sigma=3.0, reward_to_risk=0.5, moving_target=0, maximum_trades_per_day=2)
81/108 Config(anchor=1, entry_sigma=3.0, reward_to_risk=0.5, moving_target=0, maximum_trades_per_day=3)
82/108 Config(anchor=1, entry_sigma=3.0, reward_to_risk=0.5, moving_target=1, maximum_trades_per_day=1)
83/108 Config(anchor=1, entry_sigma=3.0, reward_to_risk=0.5, moving_target=1, maximum_trades_per_day=2)
84/108 Config(anchor=1, entry_sigma=3.0, reward_to_risk=0.5, moving_target=1, maximum_trades_per_day=3)
85/108 Config(anchor=1, entry_sigma=3.0, reward_to_risk=0.75, moving_target=0, maximum_trades_per_day=1)
86/108 Config(anchor=1, entry_sigma=3.0, reward_to_risk=0.75, moving_target=0, maximum_trades_per_day=2)
87/108 Config(anchor=1, entry_sigma=3.0, reward_to_risk=0.75, moving_target=0, maximum_trades_per_day=3)
88/108 Config(anchor=1, entry_sigma=3.0, reward_to_risk=0.75, moving_target=1, maximum_trades_per_day=1)
89/108 Config(anchor=1, entry_sigma=3.0, reward_to_risk=0.75, moving_target=1, maximum_trades_per_day=2)
90/108 Config(anchor=1, entry_sigma=3.0, reward_to_risk=0.75, moving_target=1, maximum_trades_per_day=3)
91/108 Config(anchor=1, entry_sigma=3.5, reward_to_risk=0.33, moving_target=0, maximum_trades_per_day=1)
92/108 Config(anchor=1, entry_sigma=3.5, reward_to_risk=0.33, moving_target=0, maximum_trades_per_day=2)
93/108 Config(anchor=1, entry_sigma=3.5, reward_to_risk=0.33, moving_target=0, maximum_trades_per_day=3)
94/108 Config(anchor=1, entry_sigma=3.5, reward_to_risk=0.33, moving_target=1, maximum_trades_per_day=1)
95/108 Config(anchor=1, entry_sigma=3.5, reward_to_risk=0.33, moving_target=1, maximum_trades_per_day=2)
96/108 Config(anchor=1, entry_sigma=3.5, reward_to_risk=0.33, moving_target=1, maximum_trades_per_day=3)
97/108 Config(anchor=1, entry_sigma=3.5, reward_to_risk=0.5, moving_target=0, maximum_trades_per_day=1)
98/108 Config(anchor=1, entry_sigma=3.5, reward_to_risk=0.5, moving_target=0, maximum_trades_per_day=2)
99/108 Config(anchor=1, entry_sigma=3.5, reward_to_risk=0.5, moving_target=0, maximum_trades_per_day=3)
100/108 Config(anchor=1, entry_sigma=3.5, reward_to_risk=0.5, moving_target=1, maximum_trades_per_day=1)
101/108 Config(anchor=1, entry_sigma=3.5, reward_to_risk=0.5, moving_target=1, maximum_trades_per_day=2)
102/108 Config(anchor=1, entry_sigma=3.5, reward_to_risk=0.5, moving_target=1, maximum_trades_per_day=3)
103/108 Config(anchor=1, entry_sigma=3.5, reward_to_risk=0.75, moving_target=0, maximum_trades_per_day=1)
104/108 Config(anchor=1, entry_sigma=3.5, reward_to_risk=0.75, moving_target=0, maximum_trades_per_day=2)
105/108 Config(anchor=1, entry_sigma=3.5, reward_to_risk=0.75, moving_target=0, maximum_trades_per_day=3)
106/108 Config(anchor=1, entry_sigma=3.5, reward_to_risk=0.75, moving_target=1, maximum_trades_per_day=1)
107/108 Config(anchor=1, entry_sigma=3.5, reward_to_risk=0.75, moving_target=1, maximum_trades_per_day=2)
108/108 Config(anchor=1, entry_sigma=3.5, reward_to_risk=0.75, moving_target=1, maximum_trades_per_day=3)
{
  "selection": {
    "decision": "REJECT",
    "selected_config": {
      "anchor": 1,
      "entry_sigma": 3.5,
      "reward_to_risk": 0.5,
      "moving_target": 0,
      "maximum_trades_per_day": 3,
      "anchor_name": "Electronic day 18:00 NY",
      "target_mode": "fixed entry-time VWAP"
    },
    "literal_config": {
      "anchor": 0,
      "entry_sigma": 3.0,
      "reward_to_risk": 0.5,
      "moving_target": 1,
      "maximum_trades_per_day": 3,
      "anchor_name": "US RTH 09:30 NY",
      "target_mode": "moving VWAP"
    },
    "data": {
      "broker": "Exness-MT5Trial16",
      "symbol": "US500",
      "first_utc": "2022-01-02 23:30:00+00:00",
      "last_utc": "2026-08-10 23:59:00+00:00",
      "rows": 1579928
    },
    "execution": {
      "risk_fraction": 0.01,
      "initial_balance": 10000.0,
      "actual_m1_spread_used": true,
      "zero_spread_fallback_price": 0.93,
      "commission_usd_per_lot_per_side": 0.5,
      "stop_and_market_slippage_points": 0.25,
      "same_minute_target_credited": false
    },
    "grid_configurations": 108,
    "eligible_prelock_configurations": 0
  },
  "literal": [
    {
      "period": "development",
      "start": "2022-01-03 00:00:00+00:00",
      "end": "2025-01-01 00:00:00+00:00",
      "final": 3088.1030113106635,
      "return_pct": -69.11896988689337,
      "closed_equity_dd_pct": 69.2104080890695,
      "profit_factor": 0.5337121484421449,
      "wins": 455,
      "losses": 326,
      "trades": 781,
      "win_rate_pct": 58.25864276568502,
      "net_r": -116.10720416824415,
      "gross_profit": 7911.343560248146,
      "gross_loss": -14823.240548937489,
      "largest_win": 45.19507627422258,
      "largest_loss": -111.43725098476452,
      "average_win": 17.38756826428164,
      "average_loss": -45.47006303355058,
      "annualized_return_pct": -32.449486323357654
    },
    {
      "period": "validation",
      "start": "2025-01-01 00:00:00+00:00",
      "end": "2025-08-11 00:00:00+00:00",
      "final": 9392.681119376635,
      "return_pct": -6.0731888062336425,
      "closed_equity_dd_pct": 8.290730009791657,
      "profit_factor": 0.8392309509016063,
      "wins": 111,
      "losses": 57,
      "trades": 168,
      "win_rate_pct": 66.07142857142857,
      "net_r": -6.031470728564953,
      "gross_profit": 3170.266942202895,
      "gross_loss": -3777.585822826243,
      "largest_win": 46.29323275689325,
      "largest_loss": -114.75555367355447,
      "average_win": 28.560963443269323,
      "average_loss": -66.2734354881797,
      "annualized_return_pct": -9.79462392724093
    },
    {
      "period": "locked",
      "start": "2025-08-11 00:00:00+00:00",
      "end": "2026-08-11 00:00:00+00:00",
      "final": 8560.138131935551,
      "return_pct": -14.398618680644482,
      "closed_equity_dd_pct": 19.56741965124487,
      "profit_factor": 0.7374410284426856,
      "wins": 143,
      "losses": 92,
      "trades": 235,
      "win_rate_pct": 60.851063829787236,
      "net_r": -15.214255910355533,
      "gross_profit": 4044.094210542245,
      "gross_loss": -5483.956078606704,
      "largest_win": 44.89112903405912,
      "largest_loss": -121.7795469931387,
      "average_win": 28.280379094701015,
      "average_loss": -59.60821824572504,
      "annualized_return_pct": -14.407460067096755
    },
    {
      "period": "full",
      "start": "2022-01-03 00:00:00+00:00",
      "end": "2026-08-11 00:00:00+00:00",
      "final": 2479.6182228015573,
      "return_pct": -75.20381777198443,
      "closed_equity_dd_pct": 75.27723884360857,
      "profit_factor": 0.5718620754062974,
      "wins": 708,
      "losses": 475,
      "trades": 1183,
      "win_rate_pct": 59.84784446322908,
      "net_r": -137.49064502010836,
      "gross_profit": 10044.94319216789,
      "gross_loss": -17565.324969366335,
      "largest_win": 45.19507627422258,
      "largest_loss": -111.43725098476452,
      "average_win": 14.18777287029363,
      "average_loss": -36.97963151445544,
      "annualized_return_pct": -26.13923529244352
    }
  ],
  "literal_zero_cost": [
    {
      "period": "development",
      "start": "2022-01-03 00:00:00+00:00",
      "end": "2025-01-01 00:00:00+00:00",
      "final": 7157.822614846036,
      "return_pct": -28.421773851539633,
      "closed_equity_dd_pct": 29.02774416237881,
      "profit_factor": 0.8493567581659985,
      "wins": 568,
      "losses": 310,
      "trades": 884,
      "win_rate_pct": 64.25339366515837,
      "net_r": -32.07668625016771,
      "gross_profit": 16024.765137802533,
      "gross_loss": -18866.94252295647,
      "largest_win": 49.20613248636666,
      "largest_loss": -100.72855948400426,
      "average_win": 28.212614679229812,
      "average_loss": -60.861104912762805,
      "annualized_return_pct": -10.56300334690815
    },
    {
      "period": "validation",
      "start": "2025-01-01 00:00:00+00:00",
      "end": "2025-08-11 00:00:00+00:00",
      "final": 10159.94670216946,
      "return_pct": 1.5994670216946005,
      "closed_equity_dd_pct": 6.3806113561776945,
      "profit_factor": 1.0414525419943503,
      "wins": 121,
      "losses": 53,
      "trades": 175,
      "win_rate_pct": 69.14285714285714,
      "net_r": 1.8305703861700844,
      "gross_profit": 4018.496611877338,
      "gross_loss": -3858.549909707876,
      "largest_win": 50.700012808683596,
      "largest_loss": -107.02783752789199,
      "average_win": 33.21071580063916,
      "average_loss": -72.80282848505426,
      "annualized_return_pct": 2.6450549586740646
    },
    {
      "period": "locked",
      "start": "2025-08-11 00:00:00+00:00",
      "end": "2026-08-11 00:00:00+00:00",
      "final": 10615.010619926965,
      "return_pct": 6.150106199269656,
      "closed_equity_dd_pct": 5.959937631857196,
      "profit_factor": 1.1100382099694373,
      "wins": 175,
      "losses": 84,
      "trades": 260,
      "win_rate_pct": 67.3076923076923,
      "net_r": 6.306736076341652,
      "gross_profit": 6204.074819515348,
      "gross_loss": -5589.064199588378,
      "largest_win": 54.67360120400854,
      "largest_loss": -110.99169438026489,
      "average_win": 35.45185611151628,
      "average_loss": -66.5364785665283,
      "annualized_return_pct": 6.154315460340953
    },
    {
      "period": "full",
      "start": "2022-01-03 00:00:00+00:00",
      "end": "2026-08-11 00:00:00+00:00",
      "final": 7721.327524349479,
      "return_pct": -22.786724756505205,
      "closed_equity_dd_pct": 30.440089380140595,
      "profit_factor": 0.911294122552069,
      "wins": 864,
      "losses": 447,
      "trades": 1319,
      "win_rate_pct": 65.50416982562547,
      "net_r": -23.917325499767127,
      "gross_profit": 23409.281256480004,
      "gross_loss": -25687.953732130492,
      "largest_win": 49.20613248636666,
      "largest_loss": -100.72855948400426,
      "average_win": 27.094075528333338,
      "average_loss": -57.46745801371475,
      "annualized_return_pct": -5.463818055902891
    }
  ],
  "selected": [
    {
      "period": "development",
      "start": "2022-01-03 00:00:00+00:00",
      "end": "2025-01-01 00:00:00+00:00",
      "final": 8722.122981301765,
      "return_pct": -12.778770186982346,
      "closed_equity_dd_pct": 15.253815583927608,
      "profit_factor": 0.8086218242817343,
      "wins": 152,
      "losses": 143,
      "trades": 295,
      "win_rate_pct": 51.52542372881356,
      "net_r": -13.267994461131872,
      "gross_profit": 5399.3578013235365,
      "gross_loss": -6677.234820021788,
      "largest_win": 48.55448525694657,
      "largest_loss": -104.11687143949239,
      "average_win": 35.52209079818116,
      "average_loss": -46.693949790362154,
      "annualized_return_pct": -4.461999421811324
    },
    {
      "period": "validation",
      "start": "2025-01-01 00:00:00+00:00",
      "end": "2025-08-11 00:00:00+00:00",
      "final": 10025.838940435713,
      "return_pct": 0.25838940435714,
      "closed_equity_dd_pct": 1.492892840553265,
      "profit_factor": 1.0360830955865423,
      "wins": 19,
      "losses": 19,
      "trades": 38,
      "win_rate_pct": 50.0,
      "net_r": 0.2987603331149885,
      "gross_profit": 741.9343866744196,
      "gross_loss": -716.0954462387008,
      "largest_win": 48.743452876813265,
      "largest_loss": -105.18580997627502,
      "average_win": 39.04917824602208,
      "average_loss": -37.6892340125632,
      "annualized_return_pct": 0.4254659455027676
    },
    {
      "period": "locked",
      "start": "2025-08-11 00:00:00+00:00",
      "end": "2026-08-11 00:00:00+00:00",
      "final": 9206.106441644304,
      "return_pct": -7.938935583556961,
      "closed_equity_dd_pct": 8.69038329784417,
      "profit_factor": 0.5047297022116854,
      "wins": 26,
      "losses": 33,
      "trades": 59,
      "win_rate_pct": 44.067796610169495,
      "net_r": -8.188695827543132,
      "gross_profit": 809.0565113353798,
      "gross_loss": -1602.9500696910811,
      "largest_win": 47.86508155226751,
      "largest_loss": -106.55865477589032,
      "average_win": 31.11755812828384,
      "average_loss": -48.57424453609337,
      "annualized_return_pct": -7.943994801759279
    },
    {
      "period": "full",
      "start": "2022-01-03 00:00:00+00:00",
      "end": "2026-08-11 00:00:00+00:00",
      "final": 8051.615878813216,
      "return_pct": -19.483841211867837,
      "closed_equity_dd_pct": 19.817599475638865,
      "profit_factor": 0.7761073684972382,
      "wins": 197,
      "losses": 195,
      "trades": 392,
      "win_rate_pct": 50.255102040816325,
      "net_r": -21.14329163185335,
      "gross_profit": 6753.930502163221,
      "gross_loss": -8702.314623350023,
      "largest_win": 48.55448525694657,
      "largest_loss": -104.11687143949239,
      "average_win": 34.283911178493504,
      "average_loss": -44.627254478718065,
      "annualized_return_pct": -4.599520265309131
    }
  ]
}
