
=== US30: shooting-star research ===
{
  "instrument": "US30",
  "status": "REJECT",
  "pattern": {
    "timeframe_minutes": 60,
    "maximum_body_range": 0.4,
    "minimum_upper_wick_body": 2.0,
    "maximum_lower_wick_range": 0.1,
    "trend_lookback_bars": 8,
    "minimum_trend_atr": 0.5,
    "location_lookback_bars": 20,
    "volume_multiplier": 1.25,
    "entry_mode": 0
  },
  "execution": {
    "stop_mode": 0,
    "stop_buffer_atr": 0.1,
    "reward_risk": 1.5,
    "maximum_hold_hours": 6,
    "management": 0
  },
  "confirmation": {
    "trades": 12,
    "wins": 3,
    "losses": 9,
    "win_rate_pct": 25.0,
    "profit_factor": 0.48819610459340396,
    "net_r": -3.6140532413642004,
    "mean_r": -0.3011711034470167,
    "return_pct": -3.6031952299624526,
    "max_drawdown_pct": 5.41354969139811,
    "final_balance": 9639.680477003754
  },
  "full": {
    "trades": 59,
    "wins": 24,
    "losses": 35,
    "win_rate_pct": 40.67796610169491,
    "profit_factor": 1.0708555329025582,
    "net_r": 1.782783869935689,
    "mean_r": 0.030216675761621847,
    "return_pct": 1.5002949247629571,
    "max_drawdown_pct": 10.099036844983159,
    "final_balance": 10150.029492476295
  },
  "cagr": 0.32468577779765084
}
