
=== US100: shooting-star research ===
{
  "instrument": "US100",
  "status": "REJECT",
  "pattern": {
    "timeframe_minutes": 15,
    "maximum_body_range": 0.4,
    "minimum_upper_wick_body": 3.0,
    "maximum_lower_wick_range": 0.1,
    "trend_lookback_bars": 8,
    "minimum_trend_atr": 0.5,
    "location_lookback_bars": 20,
    "volume_multiplier": 1.25,
    "entry_mode": 2
  },
  "execution": {
    "stop_mode": 1,
    "stop_buffer_atr": 0.25,
    "reward_risk": 3.0,
    "maximum_hold_hours": 24,
    "management": 0
  },
  "confirmation": {
    "trades": 5,
    "wins": 1,
    "losses": 4,
    "win_rate_pct": 20.0,
    "profit_factor": 0.7337679671973804,
    "net_r": -1.082397200585762,
    "mean_r": -0.21647944011715242,
    "return_pct": -1.1402818664149494,
    "max_drawdown_pct": 3.779234246619809,
    "final_balance": 9885.971813358505
  },
  "full": {
    "trades": 60,
    "wins": 21,
    "losses": 39,
    "win_rate_pct": 35.0,
    "profit_factor": 1.5741611643877829,
    "net_r": 22.798409805021556,
    "mean_r": 0.3799734967503593,
    "return_pct": 24.212896149700747,
    "max_drawdown_pct": 7.734007981473821,
    "final_balance": 12421.289614970074
  },
  "cagr": 4.833064974517898
}
