
=== BTC: shooting-star research ===
{
  "instrument": "BTC",
  "status": "REJECT",
  "pattern": {
    "timeframe_minutes": 30,
    "maximum_body_range": 0.25,
    "minimum_upper_wick_body": 3.0,
    "maximum_lower_wick_range": 0.1,
    "trend_lookback_bars": 3,
    "minimum_trend_atr": 0.5,
    "location_lookback_bars": 20,
    "volume_multiplier": 0.0,
    "entry_mode": 2
  },
  "execution": {
    "stop_mode": 0,
    "stop_buffer_atr": 0.0,
    "reward_risk": 2.0,
    "maximum_hold_hours": 48,
    "management": 1
  },
  "confirmation": {
    "trades": 13,
    "wins": 4,
    "losses": 9,
    "win_rate_pct": 30.76923076923077,
    "profit_factor": 1.8683091405905352,
    "net_r": 3.6844465618837323,
    "mean_r": 0.28341896629874863,
    "return_pct": 3.650483734228871,
    "max_drawdown_pct": 3.929986667270544,
    "final_balance": 10365.048373422887
  },
  "full": {
    "trades": 87,
    "wins": 29,
    "losses": 58,
    "win_rate_pct": 33.333333333333336,
    "profit_factor": 1.4032697533771368,
    "net_r": 16.425690399416546,
    "mean_r": 0.1888010390737534,
    "return_pct": 16.952489650931636,
    "max_drawdown_pct": 6.341238321890401,
    "final_balance": 11695.248965093164
  },
  "cagr": 3.4633169110855233
}
