
=== ETH: shooting-star research ===
{
  "instrument": "ETH",
  "status": "REJECT",
  "pattern": {
    "timeframe_minutes": 60,
    "maximum_body_range": 0.4,
    "minimum_upper_wick_body": 3.0,
    "maximum_lower_wick_range": 0.1,
    "trend_lookback_bars": 8,
    "minimum_trend_atr": 1.0,
    "location_lookback_bars": 20,
    "volume_multiplier": 0.0,
    "entry_mode": 2
  },
  "execution": {
    "stop_mode": 0,
    "stop_buffer_atr": 0.0,
    "reward_risk": 3.0,
    "maximum_hold_hours": 48,
    "management": 0
  },
  "confirmation": {
    "trades": 4,
    "wins": 2,
    "losses": 2,
    "win_rate_pct": 50.0,
    "profit_factor": 2.725969063993407,
    "net_r": 3.7077972605437695,
    "mean_r": 0.9269493151359424,
    "return_pct": 3.6781026448039933,
    "max_drawdown_pct": 2.333079986763058,
    "final_balance": 10367.8102644804
  },
  "full": {
    "trades": 48,
    "wins": 18,
    "losses": 30,
    "win_rate_pct": 37.5,
    "profit_factor": 1.6345271733351634,
    "net_r": 19.6283562635184,
    "mean_r": 0.40892408882329995,
    "return_pct": 20.615789451482968,
    "max_drawdown_pct": 9.26293580857055,
    "final_balance": 12061.578945148298
  },
  "cagr": 4.156912716246408
}
