
=== BTC: VAH engulfing research ===
{
  "instrument": "BTC",
  "status": "REJECT",
  "pattern": {
    "timeframe_minutes": 60,
    "pivot_bars": 2,
    "minimum_leg_atr": 1.5,
    "structure_mode": 1,
    "value_area_pct": 0.6,
    "vah_tolerance_atr": 0.15,
    "reaction_mode": 1,
    "expiry_bars": 24
  },
  "execution": {
    "stop_mode": 0,
    "stop_buffer_atr": 0.1,
    "reward_risk": 3.0,
    "maximum_hold_hours": 24,
    "management": 0
  },
  "confirmation": {
    "trades": 8,
    "wins": 5,
    "losses": 3,
    "win_rate_pct": 62.5,
    "profit_factor": 1.9728100121325145,
    "net_r": 2.124892953555442,
    "mean_r": 0.26561161919443027,
    "return_pct": 2.0984023582053757,
    "max_drawdown_pct": 2.5385674565763905,
    "final_balance": 10209.840235820537
  },
  "full": {
    "trades": 43,
    "wins": 25,
    "losses": 18,
    "win_rate_pct": 58.13953488372093,
    "profit_factor": 1.9988780431561741,
    "net_r": 12.572569889641738,
    "mean_r": 0.2923853462707381,
    "return_pct": 13.09314184026511,
    "max_drawdown_pct": 4.237563101883417,
    "final_balance": 11309.31418402651
  },
  "cagr": 2.711232172527289
}
