
=== US30: VAH engulfing research ===
{
  "instrument": "US30",
  "status": "REJECT",
  "pattern": {
    "timeframe_minutes": 60,
    "pivot_bars": 5,
    "minimum_leg_atr": 1.5,
    "structure_mode": 0,
    "value_area_pct": 0.8,
    "vah_tolerance_atr": 0.15,
    "reaction_mode": 0,
    "expiry_bars": 12
  },
  "execution": {
    "stop_mode": 1,
    "stop_buffer_atr": 0.25,
    "reward_risk": 3.0,
    "maximum_hold_hours": 72,
    "management": 0
  },
  "confirmation": {
    "trades": 8,
    "wins": 2,
    "losses": 6,
    "win_rate_pct": 25.0,
    "profit_factor": 0.9924543490426143,
    "net_r": -0.045556210555846466,
    "mean_r": -0.005694526319480808,
    "return_pct": -0.16400505840281632,
    "max_drawdown_pct": 4.813477367234268,
    "final_balance": 9983.599494159718
  },
  "full": {
    "trades": 51,
    "wins": 22,
    "losses": 29,
    "win_rate_pct": 43.13725490196079,
    "profit_factor": 2.164391424337394,
    "net_r": 34.02795266947435,
    "mean_r": 0.6672147582249873,
    "return_pct": 39.037456107315236,
    "max_drawdown_pct": 6.2455123661470475,
    "final_balance": 13903.745610731525
  },
  "cagr": 7.437786637824728
}
