
=== ETH: VAH engulfing research ===
{
  "instrument": "ETH",
  "status": "REJECT",
  "pattern": {
    "timeframe_minutes": 30,
    "pivot_bars": 5,
    "minimum_leg_atr": 3.5,
    "structure_mode": 1,
    "value_area_pct": 0.6,
    "vah_tolerance_atr": 0.15,
    "reaction_mode": 1,
    "expiry_bars": 48
  },
  "execution": {
    "stop_mode": 1,
    "stop_buffer_atr": 0.1,
    "reward_risk": 3.0,
    "maximum_hold_hours": 72,
    "management": 0
  },
  "confirmation": {
    "trades": 1,
    "wins": 1,
    "losses": 0,
    "win_rate_pct": 100.0,
    "profit_factor": 999.0,
    "net_r": 1.2529177603223391,
    "mean_r": 1.2529177603223391,
    "return_pct": 1.2529177603223474,
    "max_drawdown_pct": 0.988522504752517,
    "final_balance": 10125.291776032234
  },
  "full": {
    "trades": 32,
    "wins": 11,
    "losses": 21,
    "win_rate_pct": 34.375,
    "profit_factor": 1.3734534427911693,
    "net_r": 8.315489144336917,
    "mean_r": 0.25985903576052866,
    "return_pct": 8.076467927304432,
    "max_drawdown_pct": 8.188784204598633,
    "final_balance": 10807.646792730444
  },
  "cagr": 1.7019668935550847
}
