
=== US100: VAH engulfing research ===
{
  "instrument": "US100",
  "status": "REJECT",
  "pattern": {
    "timeframe_minutes": 60,
    "pivot_bars": 2,
    "minimum_leg_atr": 1.5,
    "structure_mode": 0,
    "value_area_pct": 0.6,
    "vah_tolerance_atr": 0.05,
    "reaction_mode": 0,
    "expiry_bars": 12
  },
  "execution": {
    "stop_mode": 1,
    "stop_buffer_atr": 0.25,
    "reward_risk": 3.0,
    "maximum_hold_hours": 6,
    "management": 0
  },
  "confirmation": {
    "trades": 16,
    "wins": 6,
    "losses": 10,
    "win_rate_pct": 37.5,
    "profit_factor": 0.6297362287598429,
    "net_r": -3.3754153489937915,
    "mean_r": -0.21096345931211197,
    "return_pct": -3.4247066022376593,
    "max_drawdown_pct": 5.91619271046921,
    "final_balance": 9657.529339776234
  },
  "full": {
    "trades": 123,
    "wins": 58,
    "losses": 65,
    "win_rate_pct": 47.15447154471545,
    "profit_factor": 1.567023633920352,
    "net_r": 30.476202710198834,
    "mean_r": 0.24777400577397427,
    "return_pct": 34.01492438164806,
    "max_drawdown_pct": 8.66594099079737,
    "final_balance": 13401.492438164805
  },
  "cagr": 6.5807586769931925
}
