
=== GOOGL: global-macro auction-market technical layer ===
  calculating 10-day composite profiles
  calculating 20-day composite profiles
  calculating 40-day composite profiles
  calculating 80-day composite profiles
{
  "instrument": "GOOGL",
  "status": "REJECT",
  "pattern": {
    "model": "failed_auction",
    "timeframe_minutes": 240,
    "lookback_days": 20,
    "regime_mode": "balanced_value",
    "shift_lag_days": 10,
    "shift_threshold_atr": 0.25,
    "entry_tolerance_atr": 0.0,
    "retest_expiry_bars": 0
  },
  "execution": {
    "stop_buffer_atr": 0.0,
    "reward_risk": 0.0,
    "minimum_reward_risk": 1.0,
    "maximum_hold_hours": 72,
    "management": 0
  },
  "confirmation": {
    "trades": 1,
    "wins": 0,
    "losses": 1,
    "win_rate_pct": 0.0,
    "profit_factor": 0.0,
    "net_r": -1.0069284064665065,
    "mean_r": -1.0069284064665065,
    "return_pct": -1.0069284064665007,
    "max_drawdown_pct": 1.543550165380385,
    "final_balance": 9899.30715935335
  },
  "full": {
    "trades": 20,
    "wins": 10,
    "losses": 10,
    "win_rate_pct": 50.0,
    "profit_factor": 5.218551358201067,
    "net_r": 43.11770153850951,
    "mean_r": 2.1558850769254754,
    "return_pct": 50.23346725326749,
    "max_drawdown_pct": 4.903105300023501,
    "final_balance": 15023.34672532675
  },
  "cagr": 9.233954558668799
}
