
=== JPM: global-macro auction-market technical layer ===
  calculating 10-day composite profiles
  calculating 20-day composite profiles
  calculating 40-day composite profiles
  calculating 80-day composite profiles
{
  "instrument": "JPM",
  "status": "REJECT",
  "pattern": {
    "model": "failed_auction",
    "timeframe_minutes": 240,
    "lookback_days": 40,
    "regime_mode": "balanced_value",
    "shift_lag_days": 5,
    "shift_threshold_atr": 0.25,
    "entry_tolerance_atr": 0.1,
    "retest_expiry_bars": 0
  },
  "execution": {
    "stop_buffer_atr": 0.0,
    "reward_risk": 0.0,
    "minimum_reward_risk": 1.5,
    "maximum_hold_hours": 336,
    "management": 1
  },
  "confirmation": {
    "trades": 1,
    "wins": 0,
    "losses": 1,
    "win_rate_pct": 0.0,
    "profit_factor": 0.0,
    "net_r": -0.002557544757030924,
    "mean_r": -0.002557544757030924,
    "return_pct": -0.002557544757042507,
    "max_drawdown_pct": 0.9675540133228645,
    "final_balance": 9999.744245524296
  },
  "full": {
    "trades": 24,
    "wins": 6,
    "losses": 18,
    "win_rate_pct": 25.0,
    "profit_factor": 2.01495160418963,
    "net_r": 11.483171994188146,
    "mean_r": 0.4784654997578394,
    "return_pct": 11.561036514329782,
    "max_drawdown_pct": 6.487979917790561,
    "final_balance": 11156.103651432977
  },
  "cagr": 2.40237495041149
}
